================================================
Validate OBJTREE
================================================

FIRST SCAN

PRODUCT_XREF

   ID_XREF SYSTEM                   OBJ_ID END_DATE        OUT_OF_PRINT_DA TITLE                                        
---------- -------------------- ---------- --------------- --------------- ------------------------------               
       371 SEQUENCE                  73164 23-NOV-17       03-DEC-17       FIRST_SEQ                                    
       372 TABLE                     73165 23-NOV-17       03-DEC-17       FIRST_T                                      
       373 INDEX                     73166 23-NOV-17       03-DEC-17       FIRST_PK                                     
       374 TABLE                     73203 21-DEC-17       31-DEC-17       TEST                                         
       375 PACKAGE BODY              73220 23-DEC-17       02-JAN-18       TEST_PKG                                     
       376 PACKAGE                   73219 23-DEC-17       02-JAN-18       TEST_PKG                                     
       377 FUNCTION                  73229 23-DEC-17       02-JAN-18       TESTFUNC                                     
       378 PROCEDURE                 73228 23-DEC-17       02-JAN-18       TESTPROC                                     
       379 PROCEDURE                 73230 23-DEC-17       02-JAN-18       GET_EMP_RS                                   
       380 TABLE                     73231 23-DEC-17       02-JAN-18       WAVEHEIGHT                                   

10 rows selected.

OBJTREE

        ID     OBJ_ID SYSTEM          TITLE                                                                             
---------- ---------- --------------- ------------------------------                                                    
       183      73164 SEQUENCE        FIRST_SEQ                                                                         
       184      73165 $ABLE           FIRST_T                                                                           
       185      73166 INDEX           FIRST_PK                                                                          
       186      73203 $ABLE           TEST                                                                              
       187      73220 PACKAGE BODY    TEST_PKG                                                                          
       188      73219 $ACKAGE         TEST_PKG                                                                          
       189      73229 FUNCTION        TESTFUNC                                                                          
       190      73228 $ROCEDURE       TESTPROC                                                                          
       191      73230 PROCEDURE       GET_EMP_RS                                                                        
       192      73231 $ABLE           WAVEHEIGHT                                                                        

10 rows selected.

------------------------------                                                                                          
err_nm: E_OT_SYSTEM_END, err_id: 45                                                                                     
------------------------------                                                                                          
Exceptions: delete 0 row(s)                                                                                             
Exceptions: update 0 row(s)                                                                                             
Exceptions: add 5 row(s)                                                                                                

PL/SQL procedure successfully completed.


    ERR_ID ERR_NM                                                                                                       
---------- ------------------------------------------------------------------------------------------                   
        44 E_AT_DATE_END                                                                                                
        45 E_OT_SYSTEM_END                                                                                              


   ID_XREF XREF_TABLE_NAME                SRC_KEY_VAL                        ERR_ID CREATE_DATE                         
---------- ------------------------------ ------------------------------ ---------- ---------------                     
       372 PRODUCT_XREF                   01-DEC-17                              44 29-SEP-18                           
       376 PRODUCT_XREF                   03-JAN-18                              44 29-SEP-18                           
       378 PRODUCT_XREF                   03-JAN-18                              44 29-SEP-18                           
       380 PRODUCT_XREF                   03-JAN-18                              44 29-SEP-18                           
       372 PRODUCT_XREF                   $ABLE                                  45 29-SEP-18                           
       374 PRODUCT_XREF                   $ABLE                                  45 29-SEP-18                           
       376 PRODUCT_XREF                   $ACKAGE                                45 29-SEP-18                           
       378 PRODUCT_XREF                   $ROCEDURE                              45 29-SEP-18                           
       380 PRODUCT_XREF                   $ABLE                                  45 29-SEP-18                           

9 rows selected.


2 rows merged.


Commit complete.


SECOND SCAN

OBJTREE

        ID     OBJ_ID SYSTEM          TITLE                                                                             
---------- ---------- --------------- ------------------------------                                                    
       183      73164 SEQUENCE        FIRST_SEQ                                                                         
       184      73165 ^ABLE           FIRST_T                                                                           
       185      73166 INDEX           FIRST_PK                                                                          
       186      73203 TABLE           TEST                                                                              
       187      73220 PACKAGE BODY    TEST_PKG                                                                          
       188      73219 $ACKAGE         TEST_PKG                                                                          
       189      73229 FUNCTION        TESTFUNC                                                                          
       190      73228 $ROCEDURE       TESTPROC                                                                          
       191      73230 PROCEDURE       GET_EMP_RS                                                                        
       192      73231 $ABLE           WAVEHEIGHT                                                                        

10 rows selected.

------------------------------                                                                                          
err_nm: E_OT_SYSTEM_END, err_id: 45                                                                                     
------------------------------                                                                                          
Exceptions: delete 1 row(s)                                                                                             
Exceptions: update 1 row(s)                                                                                             
Exceptions: add 0 row(s)                                                                                                

PL/SQL procedure successfully completed.


    ERR_ID ERR_NM                                                                                                       
---------- ------------------------------------------------------------------------------------------                   
        44 E_AT_DATE_END                                                                                                
        45 E_OT_SYSTEM_END                                                                                              


   ID_XREF XREF_TABLE_NAME                SRC_KEY_VAL                        ERR_ID CREATE_DATE                         
---------- ------------------------------ ------------------------------ ---------- ---------------                     
       372 PRODUCT_XREF                   01-DEC-17                              44 29-SEP-18                           
       376 PRODUCT_XREF                   03-JAN-18                              44 29-SEP-18                           
       378 PRODUCT_XREF                   03-JAN-18                              44 29-SEP-18                           
       380 PRODUCT_XREF                   03-JAN-18                              44 29-SEP-18                           
       372 PRODUCT_XREF                   ^ABLE                                  45 29-SEP-18                           
       376 PRODUCT_XREF                   $ACKAGE                                45 29-SEP-18                           
       378 PRODUCT_XREF                   $ROCEDURE                              45 29-SEP-18                           
       380 PRODUCT_XREF                   $ABLE                                  45 29-SEP-18                           

8 rows selected.

